// Jest Snapshot v1, https://goo.gl/fbAQLP

exports[`should call correct function when changing input 1`] = `
Array [
  Object {
    "target": Object {
      "value": "Michael ",
    },
  },
]
`;

exports[`should render correctly 1`] = `
<form
  onSubmit={[Function]}
>
  <label>
    Search albums for artist
    <input
      onChange={[Function]}
      placeholder="Enter artist name"
      type="text"
      value="Michael Jackson"
    />
  </label>
  <button
    type="submit"
  >
    Search
  </button>
</form>
`;
